[stockholm45.qodeinteractive.com/index.html]
[stockholm45.qodeinteractive.com/wp-content/uploads/2020/10/Favicon.png]
[backblue.gif]
[fade.gif]
[index.html]
[stockholm45.qodeinteractive.com/feed/index.html]
[stockholm45.qodeinteractive.com/comments/feed/index.html]
[stockholm45.qodeinteractive.com/wp-content/cache/minify/58f2c.css]
[export.qodethemes.com/_toolbar/assets/css/rbt-modulese6b3.css]
[stockholm45.qodeinteractive.com/wp-content/cache/minify/edd85.css]
[stockholm45.qodeinteractive.com/wp-content/cache/minify/8c9a5.css]
[stockholm45.qodeinteractive.com/wp-content/cache/minify/3ae2c.css]
[stockholm45.qodeinteractive.com/wp-content/cache/minify/45788.js]
[stockholm45.qodeinteractive.com/xmlrpc0db0.php]
[stockholm45.qodeinteractive.com/wp-json/index.html]
[stockholm45.qodeinteractive.com/wp-includes/wlwmanifest.xml]
[stockholm45.qodeinteractive.com/wp-json/oembed/1.0/embedf510.json]
[stockholm45.qodeinteractive.com/wp-json/oembed/1.0/embed1631]
[stockholm45.qodeinteractive.com/wp-content/uploads/2020/05/Logo-dark.png]
[stockholm45.qodeinteractive.com/shop/index.html]
[stockholm45.qodeinteractive.com/product/spinach-pasta/index.html]
[stockholm45.qodeinteractive.com/wp-content/plugins/revslider/public/assets/assets/transparent.png]
[stockholm45.qodeinteractive.com/wp-content/uploads/2020/06/Rev-img-4.png]
[stockholm45.qodeinteractive.com/cart/index.html]
[stockholm45.qodeinteractive.com/wp-content/uploads/2020/06/Rev-img-5.png]
[stockholm45.qodeinteractive.com/wp-content/uploads/2020/06/Rev-img-6.png]
[stockholm45.qodeinteractive.com/wp-content/uploads/2020/06/Rev-img-1.png]
[stockholm45.qodeinteractive.com/wp-content/uploads/2020/06/Rev-img-2.png]
[stockholm45.qodeinteractive.com/wp-content/uploads/2020/06/Rev-img-3.png]
[stockholm45.qodeinteractive.com/wp-content/uploads/2020/06/Rev-img-7.png]
[stockholm45.qodeinteractive.com/wp-content/uploads/2020/06/Rev-img-8.png]
[stockholm45.qodeinteractive.com/wp-content/uploads/2020/06/Rev-img-9.png]
[stockholm45.qodeinteractive.com/wp-content/uploads/2020/06/About-img-2.jpg]
[stockholm45.qodeinteractive.com/wp-content/uploads/2020/06/About-img-1.jpg]
[stockholm45.qodeinteractive.com/wp-content/uploads/2020/06/Home-title-img.png]
[stockholm45.qodeinteractive.com/wp-content/uploads/2020/06/Product-img-1.jpg]
[stockholm45.qodeinteractive.com/wp-content/uploads/2020/06/Product-img-2.jpg]
[stockholm45.qodeinteractive.com/wp-content/uploads/2020/06/Product-img-3.jpg]
[stockholm45.qodeinteractive.com/wp-content/uploads/2020/06/Product-img-4.jpg]
[stockholm45.qodeinteractive.com/product/olive-oil/index.html]
[stockholm45.qodeinteractive.com/wp-content/uploads/2020/06/Product-img-5.jpg]
[stockholm45.qodeinteractive.com/indexb6f2.html]
[stockholm45.qodeinteractive.com/index6f15.html]
[stockholm45.qodeinteractive.com/wp-content/uploads/2020/06/Product-img-6.jpg]
[stockholm45.qodeinteractive.com/product/corn-flakes/index.html]
[stockholm45.qodeinteractive.com/index0be3.html]
[stockholm45.qodeinteractive.com/wp-content/uploads/2020/06/Product-img-7.jpg]
[stockholm45.qodeinteractive.com/product/natural-tea/index.html]
[stockholm45.qodeinteractive.com/index274e.html]
[stockholm45.qodeinteractive.com/wp-content/uploads/2020/06/Product-img-8.jpg]
[stockholm45.qodeinteractive.com/index4837.html]
[stockholm45.qodeinteractive.com/product/lentil/index.html]
[stockholm45.qodeinteractive.com/product/good-seed/index.html]
[stockholm45.qodeinteractive.com/wp-content/uploads/2020/06/Product-img-9.jpg]
[stockholm45.qodeinteractive.com/wp-content/uploads/2020/06/Product-img-10.jpg]
[stockholm45.qodeinteractive.com/wp-content/uploads/2020/06/Product-img-11.jpg]
[stockholm45.qodeinteractive.com/wp-content/uploads/2020/06/Product-img-12.jpg]
[stockholm45.qodeinteractive.com/product/carrot-pasta/index.html]
[stockholm45.qodeinteractive.com/indexec74.html]
[stockholm45.qodeinteractive.com/wp-content/uploads/2020/05/Client-img-1.png]
[stockholm45.qodeinteractive.com/index3cea.html]
[stockholm45.qodeinteractive.com/wp-content/uploads/2020/05/Client-img-2.png]
[stockholm45.qodeinteractive.com/product/almond-oil/index.html]
[stockholm45.qodeinteractive.com/wp-content/uploads/2020/05/Client-img-3.png]
[stockholm45.qodeinteractive.com/indexa1f5.html]
[stockholm45.qodeinteractive.com/product/organic-seed/index.html]
[stockholm45.qodeinteractive.com/wp-content/uploads/2020/05/Client-img-4.png]
[stockholm45.qodeinteractive.com/wp-content/uploads/2020/05/Client-img-5.png]
[stockholm45.qodeinteractive.com/wp-content/uploads/2020/05/Client-img-6.png]
[stockholm45.qodeinteractive.com/indexb4c4.html]
[stockholm45.qodeinteractive.com/indexd28c.html]
[stockholm45.qodeinteractive.com/cdn-cgi/l/email-protection.html]
[stockholm45.qodeinteractive.com/wp-content/uploads/2020/05/Footer-logo.png]
[stockholm45.qodeinteractive.com/product/herbal-tea/index.html]
[stockholm45.qodeinteractive.com/cdn-cgi/scripts/5c5dd728/cloudflare-static/email-decode.min.js]
[stockholm45.qodeinteractive.com/product/colored-pasta/index.html]
[stockholm45.qodeinteractive.com/index0569.html]
[stockholm45.qodeinteractive.com/wp-content/cache/minify/0fef6.js]
[stockholm45.qodeinteractive.com/indexd06d.html]
[stockholm45.qodeinteractive.com/product/himalayan-salt/index.html]
[export.qodethemes.com/_toolbar/assets/js/rbt-modulese6b3.js]
[stockholm45.qodeinteractive.com/wp-content/cache/minify/6d18f.js]
[stockholm45.qodeinteractive.com/wp-content/cache/minify/dc06c.js]
[stockholm45.qodeinteractive.com/wp-content/cache/minify/63a69.js]
[stockholm45.qodeinteractive.com/wp-content/cache/minify/17f30.js]
[stockholm45.qodeinteractive.com/wp-content/cache/minify/efb81.js]
[stockholm45.qodeinteractive.com/wp-content/cache/minify/286be.js]
[stockholm45.qodeinteractive.com/wp-content/cache/minify/864c2.js]
[stockholm45.qodeinteractive.com/wp-content/cache/minify/e174e.js]
[stockholm45.qodeinteractive.com/wp-content/cache/minify/6bffe.js]
[stockholm45.qodeinteractive.com/wp-content/cache/minify/83a52.js]
[stockholm45.qodeinteractive.com/wp-content/cache/minify/b9d57.js]
[stockholm45.qodeinteractive.com/index.html]
[stockholm45.qodeinteractive.com/wp-content/cache/minify/01bad.js]
[stockholm45.qodeinteractive.com/wp-content/plugins/contact-form-7/images/ajax-loader.gif]
[stockholm45.qodeinteractive.com/wp-content/cache/minify/58f2c.css]
[export.qodethemes.com/_toolbar/assets/css/rbt-modulese6b3.css]
[stockholm45.qodeinteractive.com/wp-content/plugins/revslider/public/assets/fonts/revicons/revicons90c6.eot]
[stockholm45.qodeinteractive.com/wp-content/plugins/revslider/public/assets/fonts/revicons/revicons90c6.woff]
[stockholm45.qodeinteractive.com/wp-content/plugins/revslider/public/assets/fonts/revicons/revicons90c6.ttf]
[stockholm45.qodeinteractive.com/wp-content/plugins/revslider/public/assets/fonts/revicons/revicons90c6.svg]
[stockholm45.qodeinteractive.com/wp-content/plugins/revslider/public/assets/assets/gridtile.png]
[stockholm45.qodeinteractive.com/wp-content/plugins/revslider/public/assets/assets/gridtile_white.png]
[stockholm45.qodeinteractive.com/wp-content/plugins/revslider/public/assets/assets/gridtile_3x3.png]
[stockholm45.qodeinteractive.com/wp-content/plugins/revslider/public/assets/assets/gridtile_3x3_white.png]
[stockholm45.qodeinteractive.com/wp-content/plugins/revslider/public/assets/assets/coloredbg.png]
[stockholm45.qodeinteractive.com/wp-content/plugins/revslider/public/assets/assets/loader.gif]
[stockholm45.qodeinteractive.com/wp-content/cache/minify/edd85.css]
[stockholm45.qodeinteractive.com/wp-includes/js/mediaelement/mejs-controls.svg]
[stockholm45.qodeinteractive.com/wp-content/themes/stockholm/framework/modules/icons/font-awesome/fonts/fontawesome-webfont3e6e.eot]
[stockholm45.qodeinteractive.com/wp-content/themes/stockholm/framework/modules/icons/font-awesome/fonts/fontawesome-webfontd41d.eot]
[stockholm45.qodeinteractive.com/wp-content/themes/stockholm/framework/modules/icons/font-awesome/fonts/fontawesome-webfont3e6e.woff2]
[stockholm45.qodeinteractive.com/wp-content/themes/stockholm/framework/modules/icons/font-awesome/fonts/fontawesome-webfont3e6e.woff]
[stockholm45.qodeinteractive.com/wp-content/themes/stockholm/framework/modules/icons/font-awesome/fonts/fontawesome-webfont3e6e.ttf]
[stockholm45.qodeinteractive.com/wp-content/themes/stockholm/framework/modules/icons/font-awesome/fonts/fontawesome-webfont3e6e.svg]
[stockholm45.qodeinteractive.com/wp-content/themes/stockholm/framework/modules/icons/elegant-icons/fonts/ElegantIcons.eot]
[stockholm45.qodeinteractive.com/wp-content/themes/stockholm/framework/modules/icons/elegant-icons/fonts/ElegantIconsd41d.eot]
[stockholm45.qodeinteractive.com/wp-content/themes/stockholm/framework/modules/icons/elegant-icons/fonts/ElegantIcons.woff]
[stockholm45.qodeinteractive.com/wp-content/themes/stockholm/framework/modules/icons/elegant-icons/fonts/ElegantIcons.ttf]
[stockholm45.qodeinteractive.com/wp-content/themes/stockholm/framework/modules/icons/elegant-icons/fonts/ElegantIcons.svg]
[stockholm45.qodeinteractive.com/wp-content/themes/stockholm/framework/modules/icons/linear-icons/fonts/Linearicons-Free54e9.eot]
[stockholm45.qodeinteractive.com/wp-content/themes/stockholm/framework/modules/icons/linear-icons/fonts/Linearicons-Freed41d.eot]
[stockholm45.qodeinteractive.com/wp-content/themes/stockholm/framework/modules/icons/linear-icons/fonts/Linearicons-Free54e9.woff2]
[stockholm45.qodeinteractive.com/wp-content/themes/stockholm/framework/modules/icons/linear-icons/fonts/Linearicons-Free54e9.woff]
[stockholm45.qodeinteractive.com/wp-content/themes/stockholm/framework/modules/icons/linear-icons/fonts/Linearicons-Free54e9.ttf]
[stockholm45.qodeinteractive.com/wp-content/themes/stockholm/framework/modules/icons/linear-icons/fonts/Linearicons-Free54e9.svg]
[stockholm45.qodeinteractive.com/wp-content/themes/stockholm/framework/modules/icons/linea-icons/arrows/fonts/linea-arrows-10.eot]
[stockholm45.qodeinteractive.com/wp-content/themes/stockholm/framework/modules/icons/linea-icons/arrows/fonts/linea-arrows-10d41d.eot]
[stockholm45.qodeinteractive.com/wp-content/themes/stockholm/framework/modules/icons/linea-icons/arrows/fonts/linea-arrows-10.woff]
[stockholm45.qodeinteractive.com/wp-content/themes/stockholm/framework/modules/icons/linea-icons/arrows/fonts/linea-arrows-10.ttf]
[stockholm45.qodeinteractive.com/wp-content/themes/stockholm/framework/modules/icons/linea-icons/arrows/fonts/linea-arrows-10.svg]
[stockholm45.qodeinteractive.com/wp-content/themes/stockholm/framework/modules/icons/linea-icons/basic/fonts/linea-basic-10.eot]
[stockholm45.qodeinteractive.com/wp-content/themes/stockholm/framework/modules/icons/linea-icons/basic/fonts/linea-basic-10d41d.eot]
[stockholm45.qodeinteractive.com/wp-content/themes/stockholm/framework/modules/icons/linea-icons/basic/fonts/linea-basic-10.woff]
[stockholm45.qodeinteractive.com/wp-content/themes/stockholm/framework/modules/icons/linea-icons/basic/fonts/linea-basic-10.ttf]
[stockholm45.qodeinteractive.com/wp-content/themes/stockholm/framework/modules/icons/linea-icons/basic/fonts/linea-basic-10.svg]
[stockholm45.qodeinteractive.com/wp-content/themes/stockholm/framework/modules/icons/linea-icons/basic-elaboration/fonts/linea-basic-elaboration-10.eot]
[stockholm45.qodeinteractive.com/wp-content/themes/stockholm/framework/modules/icons/linea-icons/basic-elaboration/fonts/linea-basic-elaboration-10d41d.eot]
[stockholm45.qodeinteractive.com/wp-content/themes/stockholm/framework/modules/icons/linea-icons/basic-elaboration/fonts/linea-basic-elaboration-10.woff]
[stockholm45.qodeinteractive.com/wp-content/themes/stockholm/framework/modules/icons/linea-icons/basic-elaboration/fonts/linea-basic-elaboration-10.ttf]
[stockholm45.qodeinteractive.com/wp-content/themes/stockholm/framework/modules/icons/linea-icons/basic-elaboration/fonts/linea-basic-elaboration-10.svg]
[stockholm45.qodeinteractive.com/wp-content/themes/stockholm/framework/modules/icons/linea-icons/ecommerce/fonts/linea-ecommerce-10.eot]
[stockholm45.qodeinteractive.com/wp-content/themes/stockholm/framework/modules/icons/linea-icons/ecommerce/fonts/linea-ecommerce-10d41d.eot]
[stockholm45.qodeinteractive.com/wp-content/themes/stockholm/framework/modules/icons/linea-icons/ecommerce/fonts/linea-ecommerce-10.woff]
[stockholm45.qodeinteractive.com/wp-content/themes/stockholm/framework/modules/icons/linea-icons/ecommerce/fonts/linea-ecommerce-10.ttf]
[stockholm45.qodeinteractive.com/wp-content/themes/stockholm/framework/modules/icons/linea-icons/ecommerce/fonts/linea-ecommerce-10.svg]
[stockholm45.qodeinteractive.com/wp-content/themes/stockholm/framework/modules/icons/linea-icons/music/fonts/linea-music-10.eot]
[stockholm45.qodeinteractive.com/wp-content/themes/stockholm/framework/modules/icons/linea-icons/music/fonts/linea-music-10d41d.eot]
[stockholm45.qodeinteractive.com/wp-content/themes/stockholm/framework/modules/icons/linea-icons/music/fonts/linea-music-10.woff]
[stockholm45.qodeinteractive.com/wp-content/themes/stockholm/framework/modules/icons/linea-icons/music/fonts/linea-music-10.ttf]
[stockholm45.qodeinteractive.com/wp-content/themes/stockholm/framework/modules/icons/linea-icons/music/fonts/linea-music-10.svg]
[stockholm45.qodeinteractive.com/wp-content/themes/stockholm/framework/modules/icons/linea-icons/software/fonts/linea-software-10.eot]
[stockholm45.qodeinteractive.com/wp-content/themes/stockholm/framework/modules/icons/linea-icons/software/fonts/linea-software-10d41d.eot]
[stockholm45.qodeinteractive.com/wp-content/themes/stockholm/framework/modules/icons/linea-icons/software/fonts/linea-software-10.woff]
[stockholm45.qodeinteractive.com/wp-content/themes/stockholm/framework/modules/icons/linea-icons/software/fonts/linea-software-10.ttf]
[stockholm45.qodeinteractive.com/wp-content/themes/stockholm/framework/modules/icons/linea-icons/software/fonts/linea-software-10.svg]
[stockholm45.qodeinteractive.com/wp-content/themes/stockholm/framework/modules/icons/linea-icons/weather/fonts/linea-weather-10.eot]
[stockholm45.qodeinteractive.com/wp-content/themes/stockholm/framework/modules/icons/linea-icons/weather/fonts/linea-weather-10d41d.eot]
[stockholm45.qodeinteractive.com/wp-content/themes/stockholm/framework/modules/icons/linea-icons/weather/fonts/linea-weather-10.woff]
[stockholm45.qodeinteractive.com/wp-content/themes/stockholm/framework/modules/icons/linea-icons/weather/fonts/linea-weather-10.ttf]
[stockholm45.qodeinteractive.com/wp-content/themes/stockholm/framework/modules/icons/linea-icons/weather/fonts/linea-weather-10.svg]
[stockholm45.qodeinteractive.com/wp-content/themes/stockholm/framework/modules/icons/ion-icons/fonts/ionicons28b5.eot]
[stockholm45.qodeinteractive.com/wp-content/themes/stockholm/framework/modules/icons/ion-icons/fonts/ionicons28b5.ttf]
[stockholm45.qodeinteractive.com/wp-content/themes/stockholm/framework/modules/icons/ion-icons/fonts/ionicons28b5.woff]
[stockholm45.qodeinteractive.com/wp-content/themes/stockholm/framework/modules/icons/ion-icons/fonts/ionicons28b5.svg]
[stockholm45.qodeinteractive.com/wp-content/themes/stockholm/css/img/vertical_menu_cross.png]
[stockholm45.qodeinteractive.com/wp-content/themes/stockholm/css/img/vertical_menu_minus.png]
[stockholm45.qodeinteractive.com/wp-content/themes/stockholm/css/img/vertical_menu_cross_white.png]
[stockholm45.qodeinteractive.com/wp-content/themes/stockholm/css/img/vertical_menu_minus_white.png]
[stockholm45.qodeinteractive.com/wp-content/themes/stockholm/css/img/vertical_menu_cross_black.png]
[stockholm45.qodeinteractive.com/wp-content/themes/stockholm/css/img/vertical_menu_minus_black.png]
[stockholm45.qodeinteractive.com/wp-content/themes/stockholm/css/img/vertical_menu_cross@1_5x.png]
[stockholm45.qodeinteractive.com/wp-content/themes/stockholm/css/img/vertical_menu_minus@1_5x.png]
[stockholm45.qodeinteractive.com/wp-content/themes/stockholm/css/img/vertical_menu_cross_white@1_5x.png]
[stockholm45.qodeinteractive.com/wp-content/themes/stockholm/css/img/vertical_menu_minus_white@1_5x.png]
[stockholm45.qodeinteractive.com/wp-content/themes/stockholm/css/img/vertical_menu_cross_black@1_5x.png]
[stockholm45.qodeinteractive.com/wp-content/themes/stockholm/css/img/vertical_menu_minus_black@1_5x.png]
[stockholm45.qodeinteractive.com/wp-content/themes/stockholm/css/img/vertical_menu_cross@2x.png]
[stockholm45.qodeinteractive.com/wp-content/themes/stockholm/css/img/vertical_menu_minus@2x.png]
[stockholm45.qodeinteractive.com/wp-content/themes/stockholm/css/img/vertical_menu_cross_white@2x.png]
[stockholm45.qodeinteractive.com/wp-content/themes/stockholm/css/img/vertical_menu_minus_white@2x.png]
[stockholm45.qodeinteractive.com/wp-content/themes/stockholm/css/img/vertical_menu_cross_black@2x.png]
[stockholm45.qodeinteractive.com/wp-content/themes/stockholm/css/img/vertical_menu_minus_black@2x.png]
[stockholm45.qodeinteractive.com/wp-content/themes/stockholm/css/img/pixel-video.png]
[stockholm45.qodeinteractive.com/wp-content/themes/stockholm/css/img/audio/play.png]
[stockholm45.qodeinteractive.com/wp-content/themes/stockholm/css/img/audio/pause.png]
[stockholm45.qodeinteractive.com/wp-content/themes/stockholm/css/img/audio/stop.png]
[stockholm45.qodeinteractive.com/wp-content/themes/stockholm/css/img/audio/sound.png]
[stockholm45.qodeinteractive.com/wp-content/themes/stockholm/css/img/audio/mute.png]
[stockholm45.qodeinteractive.com/wp-content/themes/stockholm/css/img/audio/play-centered.png]
[stockholm45.qodeinteractive.com/wp-content/themes/stockholm/css/img/audio/pause-centered.png]
[stockholm45.qodeinteractive.com/wp-content/themes/stockholm/css/img/audio/sound-centered.png]
[stockholm45.qodeinteractive.com/wp-content/themes/stockholm/css/img/audio/mute-centered.png]
[stockholm45.qodeinteractive.com/wp-content/themes/stockholm/css/img/desaturate.svg]
[stockholm45.qodeinteractive.com/wp-content/themes/stockholm/css/img/content_menu_arrow.png]
[stockholm45.qodeinteractive.com/wp-content/themes/stockholm/css/img/prettyPhoto/sprite.png]
[stockholm45.qodeinteractive.com/wp-content/themes/stockholm/css/img/prettyPhoto/default_thumb.png]
[stockholm45.qodeinteractive.com/wp-content/themes/stockholm/css/img/prettyPhoto/sprite_x.png]
[stockholm45.qodeinteractive.com/wp-content/themes/stockholm/css/img/prettyPhoto/loader.gif]
[stockholm45.qodeinteractive.com/wp-content/themes/stockholm/images/prettyPhoto/facebook/default_thumbnail.gif]
[stockholm45.qodeinteractive.com/wp-content/themes/stockholm/css/img/close_side_menu.png]
[stockholm45.qodeinteractive.com/wp-content/themes/stockholm/css/img/close_side_menu@2x.png]
[stockholm45.qodeinteractive.com/wp-content/themes/stockholm/css/owl.video.play.png]
[stockholm45.qodeinteractive.com/wp-content/plugins/woocommerce/assets/fonts/star.eot]
[stockholm45.qodeinteractive.com/wp-content/plugins/woocommerce/assets/fonts/stard41d.eot]
[stockholm45.qodeinteractive.com/wp-content/plugins/woocommerce/assets/fonts/star.woff]
[stockholm45.qodeinteractive.com/wp-content/plugins/woocommerce/assets/fonts/star.ttf]
[stockholm45.qodeinteractive.com/wp-content/plugins/woocommerce/assets/fonts/star.svg]
[stockholm45.qodeinteractive.com/wp-content/themes/stockholm/css/img/star.png]
[stockholm45.qodeinteractive.com/wp-content/themes/stockholm/css/img/wc_delete_icon.png]
[stockholm45.qodeinteractive.com/wp-content/themes/stockholm/css/img/select2-spinner.gif]
[stockholm45.qodeinteractive.com/wp-content/themes/stockholm/css/img/select2x2.png]
[stockholm45.qodeinteractive.com/wp-content/cache/minify/8c9a5.css]
[stockholm45.qodeinteractive.com/wp-content/plugins/elementor/assets/lib/eicons/fonts/eicons2cbf.eot]
[stockholm45.qodeinteractive.com/wp-content/plugins/elementor/assets/lib/eicons/fonts/eicons2cbf.woff2]
[stockholm45.qodeinteractive.com/wp-content/plugins/elementor/assets/lib/eicons/fonts/eicons2cbf.woff]
[stockholm45.qodeinteractive.com/wp-content/plugins/elementor/assets/lib/eicons/fonts/eicons2cbf.ttf]
[stockholm45.qodeinteractive.com/wp-content/cache/minify/3ae2c.css]
[stockholm45.qodeinteractive.com/wp-content/plugins/elementor/assets/lib/eicons/fonts/eicons2cbf.svg]
[stockholm45.qodeinteractive.com/wp-content/cache/minify/45788.js]
[stockholm45.qodeinteractive.com/xmlrpc0db0.html]
[player.vimeo.com/api/player.js]
[stockholm45.qodeinteractive.com/wp-content/cache/minify/000f0.js]
[stockholm45.qodeinteractive.com/shop/index.html]
[stockholm45.qodeinteractive.com/shop/feed/index.html]
[stockholm45.qodeinteractive.com/shop/indexb6f2.html]
[stockholm45.qodeinteractive.com/product-category/organic/index.html]
[stockholm45.qodeinteractive.com/shop/index6f15.html]
[stockholm45.qodeinteractive.com/shop/index0be3.html]
[stockholm45.qodeinteractive.com/wp-json/oembed/1.0/embed7683.json]
[stockholm45.qodeinteractive.com/shop/index274e.html]
[stockholm45.qodeinteractive.com/shop/index4837.html]
[stockholm45.qodeinteractive.com/shop/index3cea.html]
[stockholm45.qodeinteractive.com/shop/indexec74.html]
[stockholm45.qodeinteractive.com/wp-json/oembed/1.0/embed8d26]
[stockholm45.qodeinteractive.com/shop/indexb4c4.html]
[stockholm45.qodeinteractive.com/shop/page/2/index.html]
[stockholm45.qodeinteractive.com/shop/indexa1f5.html]
[stockholm45.qodeinteractive.com/wp-content/cache/minify/fc9b6.js]
[stockholm45.qodeinteractive.com/product-category/uncategorized/index.html]
[stockholm45.qodeinteractive.com/product/spinach-pasta/feed/index.html]
[stockholm45.qodeinteractive.com/wp-content/cache/minify/1d4f5.js]
[stockholm45.qodeinteractive.com/product-tag/food/index.html]
[stockholm45.qodeinteractive.com/wp-content/cache/minify/24120.js]
[stockholm45.qodeinteractive.com/product-tag/nature/index.html]
[stockholm45.qodeinteractive.com/product/spinach-pasta/index.html]
[stockholm45.qodeinteractive.com/product/spinach-pasta/index6f15.html]
[stockholm45.qodeinteractive.com/product/spinach-pasta/index274e.html]
[stockholm45.qodeinteractive.com/wp-content/cache/minify/af43d.css]
[stockholm45.qodeinteractive.com/product/spinach-pasta/indexb6f2.html]
[stockholm45.qodeinteractive.com/product/spinach-pasta/index0be3.html]
[stockholm45.qodeinteractive.com/wp-json/oembed/1.0/embed4a88.json]
[stockholm45.qodeinteractive.com/wp-json/oembed/1.0/embed73c4]
[stockholm45.qodeinteractive.com/wp-content/cache/minify/37d9c.js]
[stockholm45.qodeinteractive.com/wp-content/cache/minify/74b90.js]
[stockholm45.qodeinteractive.com/cart/index.html]
[stockholm45.qodeinteractive.com/indexb6f2.html]
[stockholm45.qodeinteractive.com/wp-content/cache/minify/8ffb9.js]
[stockholm45.qodeinteractive.com/wp-json/oembed/1.0/embedd1aa.json]
[stockholm45.qodeinteractive.com/product/olive-oil/feed/index.html]
[stockholm45.qodeinteractive.com/product/olive-oil/index.html]
[stockholm45.qodeinteractive.com/wp-json/oembed/1.0/embed134e]
[stockholm45.qodeinteractive.com/index6f15.html]
[stockholm45.qodeinteractive.com/product/olive-oil/indexa1f5.html]
[stockholm45.qodeinteractive.com/product/olive-oil/indexd06d.html]
[stockholm45.qodeinteractive.com/product/olive-oil/index6f15.html]
[stockholm45.qodeinteractive.com/product/olive-oil/index274e.html]
[stockholm45.qodeinteractive.com/wp-json/oembed/1.0/embed5986.json]
[stockholm45.qodeinteractive.com/product/corn-flakes/feed/index.html]
[stockholm45.qodeinteractive.com/product/corn-flakes/index.html]
[stockholm45.qodeinteractive.com/wp-json/oembed/1.0/embeda1d4]
[stockholm45.qodeinteractive.com/index0be3.html]
[stockholm45.qodeinteractive.com/product/corn-flakes/index0569.html]
[stockholm45.qodeinteractive.com/product/corn-flakes/index274e.html]
[stockholm45.qodeinteractive.com/product/corn-flakes/index3cea.html]
[stockholm45.qodeinteractive.com/product/corn-flakes/indexb6f2.html]
[stockholm45.qodeinteractive.com/product/natural-tea/feed/index.html]
[stockholm45.qodeinteractive.com/wp-json/oembed/1.0/embedb032.json]
[stockholm45.qodeinteractive.com/product/natural-tea/index.html]
[stockholm45.qodeinteractive.com/wp-json/oembed/1.0/embedfbb9]
[stockholm45.qodeinteractive.com/index274e.html]
[stockholm45.qodeinteractive.com/product/natural-tea/indexa1f5.html]
[stockholm45.qodeinteractive.com/product/natural-tea/index4837.html]
[stockholm45.qodeinteractive.com/product/natural-tea/indexd28c.html]
[stockholm45.qodeinteractive.com/product/natural-tea/indexb6f2.html]
[stockholm45.qodeinteractive.com/wp-json/oembed/1.0/embedac96.json]
[stockholm45.qodeinteractive.com/product/good-seed/feed/index.html]
[stockholm45.qodeinteractive.com/product/good-seed/index.html]
[stockholm45.qodeinteractive.com/wp-json/oembed/1.0/embeda0bb]
[stockholm45.qodeinteractive.com/index4837.html]
[stockholm45.qodeinteractive.com/product/good-seed/indexb4c4.html]
[stockholm45.qodeinteractive.com/product/good-seed/index3cea.html]
[stockholm45.qodeinteractive.com/product/good-seed/indexa1f5.html]
[stockholm45.qodeinteractive.com/product/good-seed/index6f15.html]
[stockholm45.qodeinteractive.com/wp-json/oembed/1.0/embedeaee.json]
[stockholm45.qodeinteractive.com/product/lentil/feed/index.html]
[stockholm45.qodeinteractive.com/product/lentil/index.html]
[stockholm45.qodeinteractive.com/wp-json/oembed/1.0/embed033e]
[stockholm45.qodeinteractive.com/index3cea.html]
[stockholm45.qodeinteractive.com/product/lentil/indexa1f5.html]
[stockholm45.qodeinteractive.com/product/lentil/index274e.html]
[stockholm45.qodeinteractive.com/product/lentil/index6f15.html]
[stockholm45.qodeinteractive.com/product/lentil/index0be3.html]
[stockholm45.qodeinteractive.com/wp-json/oembed/1.0/embedd502.json]
[stockholm45.qodeinteractive.com/product/carrot-pasta/feed/index.html]
[stockholm45.qodeinteractive.com/product/carrot-pasta/index.html]
[stockholm45.qodeinteractive.com/wp-json/oembed/1.0/embeddd98]
[stockholm45.qodeinteractive.com/indexec74.html]
[stockholm45.qodeinteractive.com/product/carrot-pasta/indexd06d.html]
[stockholm45.qodeinteractive.com/product/carrot-pasta/indexec74.html]
[stockholm45.qodeinteractive.com/product/carrot-pasta/index274e.html]
[stockholm45.qodeinteractive.com/product/carrot-pasta/index0be3.html]
[stockholm45.qodeinteractive.com/product/almond-oil/feed/index.html]
[stockholm45.qodeinteractive.com/wp-json/oembed/1.0/embed4746.json]
[stockholm45.qodeinteractive.com/product/almond-oil/index.html]
[stockholm45.qodeinteractive.com/wp-json/oembed/1.0/embedf401]
[stockholm45.qodeinteractive.com/product/almond-oil/index0569.html]
[stockholm45.qodeinteractive.com/product/almond-oil/indexb4c4.html]
[stockholm45.qodeinteractive.com/indexa1f5.html]
[stockholm45.qodeinteractive.com/product/almond-oil/index274e.html]
[stockholm45.qodeinteractive.com/product/almond-oil/indexa1f5.html]
[stockholm45.qodeinteractive.com/product/organic-seed/feed/index.html]
[stockholm45.qodeinteractive.com/wp-json/oembed/1.0/embedfcf2.json]
[stockholm45.qodeinteractive.com/product/organic-seed/index.html]
[stockholm45.qodeinteractive.com/wp-json/oembed/1.0/embed54aa]
[stockholm45.qodeinteractive.com/indexb4c4.html]
[stockholm45.qodeinteractive.com/product/organic-seed/index3cea.html]
[stockholm45.qodeinteractive.com/indexd28c.html]
[stockholm45.qodeinteractive.com/product/organic-seed/index0569.html]
[stockholm45.qodeinteractive.com/product/organic-seed/index274e.html]
[stockholm45.qodeinteractive.com/product/herbal-tea/feed/index.html]
[stockholm45.qodeinteractive.com/wp-json/oembed/1.0/embed9799.json]
[stockholm45.qodeinteractive.com/product/organic-seed/indexb4c4.html]
[stockholm45.qodeinteractive.com/product/herbal-tea/index.html]
[stockholm45.qodeinteractive.com/wp-json/oembed/1.0/embed365d]
[stockholm45.qodeinteractive.com/indexd06d.html]
[stockholm45.qodeinteractive.com/product/herbal-tea/index0be3.html]
[stockholm45.qodeinteractive.com/product/herbal-tea/index274e.html]
[stockholm45.qodeinteractive.com/product/herbal-tea/indexb6f2.html]
[stockholm45.qodeinteractive.com/product/herbal-tea/indexd06d.html]
[stockholm45.qodeinteractive.com/product/colored-pasta/feed/index.html]
[stockholm45.qodeinteractive.com/wp-json/oembed/1.0/embed1053.json]
[stockholm45.qodeinteractive.com/product/colored-pasta/index.html]
[stockholm45.qodeinteractive.com/wp-json/oembed/1.0/embedaaf9]
[stockholm45.qodeinteractive.com/index0569.html]
[stockholm45.qodeinteractive.com/product/colored-pasta/indexb6f2.html]
[stockholm45.qodeinteractive.com/product/colored-pasta/indexec74.html]
[stockholm45.qodeinteractive.com/product/colored-pasta/indexb4c4.html]
[stockholm45.qodeinteractive.com/product/colored-pasta/indexa1f5.html]
[stockholm45.qodeinteractive.com/wp-json/oembed/1.0/embedcb4e.json]
[stockholm45.qodeinteractive.com/product/himalayan-salt/feed/index.html]
[stockholm45.qodeinteractive.com/product/himalayan-salt/index.html]
[stockholm45.qodeinteractive.com/wp-json/oembed/1.0/embed43ae]
[stockholm45.qodeinteractive.com/product/himalayan-salt/indexd28c.html]
[stockholm45.qodeinteractive.com/product/himalayan-salt/indexb6f2.html]
[stockholm45.qodeinteractive.com/cdn-cgi/l/email-protection.html]
[stockholm45.qodeinteractive.com/wp-content/cache/minify/0fef6.js]
[stockholm45.qodeinteractive.com/product/himalayan-salt/indexb4c4.html]
[stockholm45.qodeinteractive.com/product/himalayan-salt/indexec74.html]
[export.qodethemes.com/_toolbar/assets/js/rbt-modulese6b3.js]
[stockholm45.qodeinteractive.com/wp-content/cache/minify/6d18f.js]
[stockholm45.qodeinteractive.com/wp-content/cache/minify/dc06c.js]
[stockholm45.qodeinteractive.com/wp-content/cache/minify/63a69.js]
[stockholm45.qodeinteractive.com/GET.e4.delayed]
[stockholm45.qodeinteractive.com/wp-content/cache/minify/17f30.js]
[stockholm45.qodeinteractive.com/Trident/index.html]
[stockholm45.qodeinteractive.com/wp-content/cache/minify/efb81.js]
[stockholm45.qodeinteractive.com/Edge/index.html]
[stockholm45.qodeinteractive.com/Gecko/index.html]
[stockholm45.qodeinteractive.com/Firefox/index.html]
[stockholm45.qodeinteractive.com/wp-content/cache/minify/286be.js]
[stockholm45.qodeinteractive.com/wp-content/cache/minify/864c2.js]
[stockholm45.qodeinteractive.com/Version/index.html]
[stockholm45.qodeinteractive.com/version/index-2.html]
[stockholm45.qodeinteractive.com/youtu.be/index.html]
[stockholm45.qodeinteractive.com/hqdefault.jpg]
[stockholm45.qodeinteractive.com/wp-content/cache/minify/e174e.js]
[stockholm45.qodeinteractive.com/wp-content/cache/minify/6bffe.js]
[stockholm45.qodeinteractive.com/wp-content/cache/minify/83a52.js]
[stockholm45.qodeinteractive.com/wp-content/cache/minify/b9d57.js]
[stockholm45.qodeinteractive.com/wp-content/cache/minify/01bad.js]
[stockholm45.qodeinteractive.com/wp-content/plugins/revslider/public/assets/fonts/revicons/revicons90c6.svg]
[stockholm45.qodeinteractive.com/wp-content/plugins/revslider/public/assets/css/openhand.html]
[stockholm45.qodeinteractive.com/wp-content/plugins/revslider/public/assets/css/closedhand.html]
[stockholm45.qodeinteractive.com/wp-includes/js/mediaelement/mejs-controls.svg]
[stockholm45.qodeinteractive.com/wp-content/themes/stockholm/framework/modules/icons/font-awesome/fonts/fontawesome-webfont3e6e.svg]
[stockholm45.qodeinteractive.com/wp-content/themes/stockholm/framework/modules/icons/elegant-icons/fonts/ElegantIcons.svg]
[stockholm45.qodeinteractive.com/wp-content/themes/stockholm/framework/modules/icons/linear-icons/fonts/Linearicons-Free54e9.svg]
[stockholm45.qodeinteractive.com/wp-content/themes/stockholm/framework/modules/icons/linea-icons/arrows/fonts/linea-arrows-10.svg]
[stockholm45.qodeinteractive.com/wp-content/themes/stockholm/framework/modules/icons/linea-icons/basic/fonts/linea-basic-10.svg]
[stockholm45.qodeinteractive.com/wp-content/themes/stockholm/framework/modules/icons/linea-icons/basic-elaboration/fonts/linea-basic-elaboration-10.svg]
[stockholm45.qodeinteractive.com/wp-content/themes/stockholm/framework/modules/icons/linea-icons/ecommerce/fonts/linea-ecommerce-10.svg]
[stockholm45.qodeinteractive.com/wp-content/themes/stockholm/framework/modules/icons/linea-icons/music/fonts/linea-music-10.svg]
[stockholm45.qodeinteractive.com/wp-content/themes/stockholm/framework/modules/icons/linea-icons/software/fonts/linea-software-10.svg]
[stockholm45.qodeinteractive.com/wp-content/themes/stockholm/framework/modules/icons/linea-icons/weather/fonts/linea-weather-10.svg]
[stockholm45.qodeinteractive.com/wp-content/themes/stockholm/framework/modules/icons/ion-icons/fonts/ionicons28b5.svg]
[stockholm45.qodeinteractive.com/wp-content/themes/stockholm/css/img/desaturate.svg]
[stockholm45.qodeinteractive.com/wp-content/themes/stockholm/images/prettyPhoto/facebook/default_thumbnail.html]
[stockholm45.qodeinteractive.com/wp-content/themes/stockholm/css/owl.video.play.html]
[stockholm45.qodeinteractive.com/wp-content/plugins/woocommerce/assets/fonts/star.svg]
[stockholm45.qodeinteractive.com/wp-content/themes/stockholm/css/img/select2x2.html]
[stockholm45.qodeinteractive.com/wp-content/plugins/elementor/assets/lib/eicons/fonts/eicons2cbf.svg]
[stockholm45.qodeinteractive.com/origin=https_/index.html]
[stockholm45.qodeinteractive.com/shop/indexb6f2.html]
[stockholm45.qodeinteractive.com/product-category/organic/index.html]
[stockholm45.qodeinteractive.com/product-category/organic/feed/index.html]
[stockholm45.qodeinteractive.com/product-category/organic/indexb6f2.html]
[stockholm45.qodeinteractive.com/shop/index6f15.html]
[stockholm45.qodeinteractive.com/product-category/organic/index6f15.html]
[stockholm45.qodeinteractive.com/shop/index0be3.html]
[stockholm45.qodeinteractive.com/product-category/organic/index0be3.html]
[stockholm45.qodeinteractive.com/product-category/organic/index4837.html]
[stockholm45.qodeinteractive.com/product-category/organic/index274e.html]
[stockholm45.qodeinteractive.com/shop/index274e.html]
[stockholm45.qodeinteractive.com/product-category/organic/index3cea.html]
[stockholm45.qodeinteractive.com/shop/index4837.html]
[stockholm45.qodeinteractive.com/product-category/organic/indexec74.html]
[stockholm45.qodeinteractive.com/product-category/organic/indexa1f5.html]
[stockholm45.qodeinteractive.com/shop/index3cea.html]
[stockholm45.qodeinteractive.com/shop/indexec74.html]
[stockholm45.qodeinteractive.com/shop/indexa1f5.html]
[stockholm45.qodeinteractive.com/product-category/organic/indexb4c4.html]
[stockholm45.qodeinteractive.com/shop/indexb4c4.html]
[stockholm45.qodeinteractive.com/shop/page/2/index.html]
[stockholm45.qodeinteractive.com/product-category/organic/page/2/index.html]
[stockholm45.qodeinteractive.com/product-category/uncategorized/index.html]
[stockholm45.qodeinteractive.com/shop/page/2/indexd28c.html]
[stockholm45.qodeinteractive.com/shop/page/2/indexd06d.html]
[stockholm45.qodeinteractive.com/shop/page/2/index0569.html]
[stockholm45.qodeinteractive.com/wp-content/cache/minify/000f0.js]
[stockholm45.qodeinteractive.com/indexd5db.html]
[stockholm45.qodeinteractive.com/product-tag/food/index.html]
[stockholm45.qodeinteractive.com/product-category/uncategorized/feed/index.html]
[stockholm45.qodeinteractive.com/product-tag/nature/index.html]
[stockholm45.qodeinteractive.com/product-tag/food/feed/index.html]
[stockholm45.qodeinteractive.com/product-tag/food/indexb6f2.html]
[stockholm45.qodeinteractive.com/product/spinach-pasta/index6f15.html]
[stockholm45.qodeinteractive.com/product-tag/food/index6f15.html]
[stockholm45.qodeinteractive.com/product-tag/food/index0be3.html]
[stockholm45.qodeinteractive.com/product/spinach-pasta/index274e.html]
[stockholm45.qodeinteractive.com/product-tag/food/index274e.html]
[stockholm45.qodeinteractive.com/product-tag/food/index4837.html]
[stockholm45.qodeinteractive.com/product/spinach-pasta/index0be3.html]
[stockholm45.qodeinteractive.com/product-tag/food/index3cea.html]
[stockholm45.qodeinteractive.com/product-tag/food/indexec74.html]
[stockholm45.qodeinteractive.com/product/spinach-pasta/indexb6f2.html]
[stockholm45.qodeinteractive.com/product-tag/food/indexa1f5.html]
[stockholm45.qodeinteractive.com/product-tag/food/indexb4c4.html]
[stockholm45.qodeinteractive.com/wp-content/cache/minify/fc9b6.js]
[stockholm45.qodeinteractive.com/product-tag/nature/feed/index.html]
[stockholm45.qodeinteractive.com/product-tag/food/page/2/index.html]
[stockholm45.qodeinteractive.com/wp-content/cache/minify/1d4f5.js]
[stockholm45.qodeinteractive.com/product-tag/nature/indexb6f2.html]
[stockholm45.qodeinteractive.com/product-tag/nature/index6f15.html]
[stockholm45.qodeinteractive.com/wp-content/cache/minify/24120.js]
[stockholm45.qodeinteractive.com/product-tag/nature/index0be3.html]
[stockholm45.qodeinteractive.com/wp-content/cache/minify/af43d.css]
[stockholm45.qodeinteractive.com/product-tag/nature/index3cea.html]
[stockholm45.qodeinteractive.com/product-tag/nature/indexec74.html]
[stockholm45.qodeinteractive.com/index421d.html]
[stockholm45.qodeinteractive.com/product-tag/nature/indexa1f5.html]
[stockholm45.qodeinteractive.com/product-tag/nature/indexb4c4.html]
[stockholm45.qodeinteractive.com/wp-content/cache/minify/37d9c.js]
[stockholm45.qodeinteractive.com/product-tag/nature/page/2/index.html]
[stockholm45.qodeinteractive.com/product/spinach-pasta/index4837.html]
[stockholm45.qodeinteractive.com/wp-content/cache/minify/74b90.js]
[stockholm45.qodeinteractive.com/product/spinach-pasta/indexd06d.html]
[stockholm45.qodeinteractive.com/product/spinach-pasta/index0569.html]
[stockholm45.qodeinteractive.com/wp-content/cache/minify/8ffb9.js]
[stockholm45.qodeinteractive.com/product/spinach-pasta/indexec74.html]
[stockholm45.qodeinteractive.com/product/spinach-pasta/indexa1f5.html]
[stockholm45.qodeinteractive.com/indexa80c.html]
[stockholm45.qodeinteractive.com/product/spinach-pasta/index3cea.html]
[stockholm45.qodeinteractive.com/product/spinach-pasta/indexd28c.html]
[stockholm45.qodeinteractive.com/product/olive-oil/index274e.html]
[stockholm45.qodeinteractive.com/product/olive-oil/index0be3.html]
[stockholm45.qodeinteractive.com/product/olive-oil/indexa1f5.html]
[stockholm45.qodeinteractive.com/product/olive-oil/indexec74.html]
[stockholm45.qodeinteractive.com/product/olive-oil/indexd06d.html]
[stockholm45.qodeinteractive.com/product/olive-oil/indexd28c.html]
[stockholm45.qodeinteractive.com/product/olive-oil/index6f15.html]
[stockholm45.qodeinteractive.com/product/olive-oil/index0569.html]
[stockholm45.qodeinteractive.com/indexd1c3.html]
[stockholm45.qodeinteractive.com/product/corn-flakes/index0569.html]
[stockholm45.qodeinteractive.com/product/corn-flakes/indexa1f5.html]
[stockholm45.qodeinteractive.com/product/corn-flakes/index274e.html]
[stockholm45.qodeinteractive.com/product/corn-flakes/indexd28c.html]
[stockholm45.qodeinteractive.com/product/corn-flakes/index3cea.html]
[stockholm45.qodeinteractive.com/product/corn-flakes/indexb4c4.html]
[stockholm45.qodeinteractive.com/product/corn-flakes/index0be3.html]
[stockholm45.qodeinteractive.com/product/corn-flakes/indexb6f2.html]
[stockholm45.qodeinteractive.com/product/corn-flakes/indexd06d.html]
[stockholm45.qodeinteractive.com/index6452.html]
[stockholm45.qodeinteractive.com/product/natural-tea/indexb6f2.html]
[stockholm45.qodeinteractive.com/product/natural-tea/indexd06d.html]
[stockholm45.qodeinteractive.com/product/natural-tea/index4837.html]
[stockholm45.qodeinteractive.com/product/natural-tea/index274e.html]
[stockholm45.qodeinteractive.com/product-tag/nature/index274e.html]
[stockholm45.qodeinteractive.com/product/natural-tea/indexd28c.html]
[stockholm45.qodeinteractive.com/product/natural-tea/index6f15.html]
[stockholm45.qodeinteractive.com/product/natural-tea/indexa1f5.html]
[stockholm45.qodeinteractive.com/product-tag/nature/index4837.html]
[stockholm45.qodeinteractive.com/indexc140.html]
[stockholm45.qodeinteractive.com/product/natural-tea/indexb4c4.html]
[stockholm45.qodeinteractive.com/product/natural-tea/index0569.html]
[stockholm45.qodeinteractive.com/product/good-seed/indexb4c4.html]
[stockholm45.qodeinteractive.com/product/natural-tea/indexec74.html]
[stockholm45.qodeinteractive.com/product/good-seed/indexa1f5.html]
[stockholm45.qodeinteractive.com/product/good-seed/indexb6f2.html]
[stockholm45.qodeinteractive.com/product/good-seed/index0569.html]
[stockholm45.qodeinteractive.com/product/good-seed/index3cea.html]
[stockholm45.qodeinteractive.com/product/good-seed/index0be3.html]
[stockholm45.qodeinteractive.com/product/good-seed/indexd06d.html]
[stockholm45.qodeinteractive.com/product/good-seed/index6f15.html]
[stockholm45.qodeinteractive.com/index0eba.html]
[stockholm45.qodeinteractive.com/product/lentil/indexa1f5.html]
[stockholm45.qodeinteractive.com/product/good-seed/indexec74.html]
[stockholm45.qodeinteractive.com/product/lentil/index274e.html]
[stockholm45.qodeinteractive.com/product/lentil/index3cea.html]
[stockholm45.qodeinteractive.com/product/lentil/index0569.html]
[stockholm45.qodeinteractive.com/product/lentil/index6f15.html]
[stockholm45.qodeinteractive.com/product/lentil/indexd28c.html]
[stockholm45.qodeinteractive.com/product/lentil/indexb4c4.html]
[stockholm45.qodeinteractive.com/product/lentil/index0be3.html]
[stockholm45.qodeinteractive.com/product/lentil/indexec74.html]
[stockholm45.qodeinteractive.com/product/lentil/indexb6f2.html]
[stockholm45.qodeinteractive.com/index0114.html]
[stockholm45.qodeinteractive.com/product/carrot-pasta/indexd06d.html]
[stockholm45.qodeinteractive.com/product/lentil/indexd06d.html]
[stockholm45.qodeinteractive.com/product/carrot-pasta/indexec74.html]
[stockholm45.qodeinteractive.com/product/carrot-pasta/indexa1f5.html]
[stockholm45.qodeinteractive.com/product/carrot-pasta/index6f15.html]
[stockholm45.qodeinteractive.com/product/carrot-pasta/index274e.html]
[stockholm45.qodeinteractive.com/product/carrot-pasta/index0569.html]
[stockholm45.qodeinteractive.com/product/carrot-pasta/index0be3.html]
[stockholm45.qodeinteractive.com/product/carrot-pasta/index4837.html]
[stockholm45.qodeinteractive.com/indexba1b.html]
[stockholm45.qodeinteractive.com/product/carrot-pasta/indexb4c4.html]
[stockholm45.qodeinteractive.com/product/carrot-pasta/indexb6f2.html]
[stockholm45.qodeinteractive.com/product/almond-oil/indexa1f5.html]
[stockholm45.qodeinteractive.com/product/carrot-pasta/indexd28c.html]
[stockholm45.qodeinteractive.com/product/almond-oil/index0569.html]
[stockholm45.qodeinteractive.com/product/almond-oil/indexd28c.html]
[stockholm45.qodeinteractive.com/product/almond-oil/indexd06d.html]
[stockholm45.qodeinteractive.com/product/almond-oil/indexb4c4.html]
[stockholm45.qodeinteractive.com/product/almond-oil/index4837.html]
[stockholm45.qodeinteractive.com/product/almond-oil/indexb6f2.html]
[stockholm45.qodeinteractive.com/product/almond-oil/index274e.html]
[stockholm45.qodeinteractive.com/product/almond-oil/index3cea.html]
[stockholm45.qodeinteractive.com/index5034.html]
[stockholm45.qodeinteractive.com/product/almond-oil/index6f15.html]
[stockholm45.qodeinteractive.com/product/almond-oil/index0be3.html]
[stockholm45.qodeinteractive.com/product/organic-seed/indexb4c4.html]
[stockholm45.qodeinteractive.com/product/organic-seed/indexd06d.html]
[stockholm45.qodeinteractive.com/product/organic-seed/indexd28c.html]
[stockholm45.qodeinteractive.com/product/organic-seed/index3cea.html]
[stockholm45.qodeinteractive.com/product/organic-seed/index0569.html]
[stockholm45.qodeinteractive.com/product/olive-oil/index4837.html]
[stockholm45.qodeinteractive.com/product/organic-seed/index274e.html]
[stockholm45.qodeinteractive.com/product/organic-seed/index4837.html]
[stockholm45.qodeinteractive.com/indexc902.html]
[stockholm45.qodeinteractive.com/product/organic-seed/index6f15.html]
[stockholm45.qodeinteractive.com/product/herbal-tea/indexb6f2.html]
[stockholm45.qodeinteractive.com/product/herbal-tea/indexb4c4.html]
[stockholm45.qodeinteractive.com/product/herbal-tea/index0be3.html]
[stockholm45.qodeinteractive.com/product/herbal-tea/indexa1f5.html]
[stockholm45.qodeinteractive.com/product/herbal-tea/index0569.html]
[stockholm45.qodeinteractive.com/product/herbal-tea/index274e.html]
[stockholm45.qodeinteractive.com/product/herbal-tea/index4837.html]
[stockholm45.qodeinteractive.com/product/herbal-tea/index6f15.html]
[stockholm45.qodeinteractive.com/product/herbal-tea/indexd06d.html]
[stockholm45.qodeinteractive.com/product/herbal-tea/indexec74.html]
[stockholm45.qodeinteractive.com/index9a88.html]
[stockholm45.qodeinteractive.com/product/colored-pasta/indexb6f2.html]
[stockholm45.qodeinteractive.com/product/colored-pasta/index274e.html]
[stockholm45.qodeinteractive.com/product/colored-pasta/indexb4c4.html]
[stockholm45.qodeinteractive.com/product/colored-pasta/index6f15.html]
[stockholm45.qodeinteractive.com/product/colored-pasta/indexec74.html]
[stockholm45.qodeinteractive.com/product/colored-pasta/index4837.html]
[stockholm45.qodeinteractive.com/product/colored-pasta/indexa1f5.html]
[stockholm45.qodeinteractive.com/product/colored-pasta/indexd28c.html]
[stockholm45.qodeinteractive.com/index9fa1.html]
[stockholm45.qodeinteractive.com/product/himalayan-salt/indexb4c4.html]
[stockholm45.qodeinteractive.com/product/himalayan-salt/index6f15.html]
[stockholm45.qodeinteractive.com/product/himalayan-salt/indexb6f2.html]
[stockholm45.qodeinteractive.com/product/himalayan-salt/index3cea.html]
[stockholm45.qodeinteractive.com/product/himalayan-salt/index0be3.html]
[stockholm45.qodeinteractive.com/product/himalayan-salt/indexd28c.html]
[stockholm45.qodeinteractive.com/product/good-seed/indexd28c.html]
[stockholm45.qodeinteractive.com/product/himalayan-salt/indexd06d.html]
[stockholm45.qodeinteractive.com/product/himalayan-salt/indexec74.html]
[stockholm45.qodeinteractive.com/product/himalayan-salt/indexa1f5.html]
[toolbar.qodeinteractive.com/_toolbar/assets/img/rbt-placeholder.jpg]
[stockholm45.qodeinteractive.com/GET.html]
[stockholm45.qodeinteractive.com/Trident/index.html]
[stockholm45.qodeinteractive.com/Edge/index.html]
[stockholm45.qodeinteractive.com/Gecko/index.html]
[stockholm45.qodeinteractive.com/Firefox/index.html]
[stockholm45.qodeinteractive.com/Version/index.html]
[stockholm45.qodeinteractive.com/version/index-2.html]
[stockholm45.qodeinteractive.com/youtu.be/index.html]
[stockholm45.qodeinteractive.com/hqdefault.html]
[stockholm45.qodeinteractive.com/product/organic-seed/index0be3.html]
[stockholm45.qodeinteractive.com/product-category/organic/indexb6f2.html]
[stockholm45.qodeinteractive.com/product-category/organic/index6f15.html]
[stockholm45.qodeinteractive.com/product-category/organic/index0be3.html]
[stockholm45.qodeinteractive.com/product-category/organic/index274e.html]
[stockholm45.qodeinteractive.com/product-category/organic/index4837.html]
[stockholm45.qodeinteractive.com/product-category/organic/index3cea.html]
[stockholm45.qodeinteractive.com/product-category/organic/indexec74.html]
[stockholm45.qodeinteractive.com/product-category/organic/indexa1f5.html]
[stockholm45.qodeinteractive.com/product-category/organic/indexb4c4.html]
[stockholm45.qodeinteractive.com/product-category/organic/page/2/index.html]
[stockholm45.qodeinteractive.com/product/organic-seed/indexb6f2.html]
[stockholm45.qodeinteractive.com/shop/page/2/indexd28c.html]
[stockholm45.qodeinteractive.com/product-category/organic/page/2/indexd28c.html]
[stockholm45.qodeinteractive.com/product-category/organic/page/2/indexd06d.html]
[stockholm45.qodeinteractive.com/shop/page/2/indexd06d.html]
[stockholm45.qodeinteractive.com/product-category/organic/page/2/index0569.html]
[stockholm45.qodeinteractive.com/shop/page/2/index0569.html]
[stockholm45.qodeinteractive.com/shop/page/1/index.html]
[stockholm45.qodeinteractive.com/product-tag/food/indexb6f2.html]
[stockholm45.qodeinteractive.com/product-tag/food/index6f15.html]
[stockholm45.qodeinteractive.com/product-tag/food/index0be3.html]
[stockholm45.qodeinteractive.com/product-tag/food/index274e.html]
[stockholm45.qodeinteractive.com/product-tag/food/index4837.html]
[stockholm45.qodeinteractive.com/product-tag/food/index3cea.html]
[stockholm45.qodeinteractive.com/product-tag/food/indexec74.html]
[stockholm45.qodeinteractive.com/product-tag/food/indexa1f5.html]
[stockholm45.qodeinteractive.com/product-tag/food/indexb4c4.html]
[stockholm45.qodeinteractive.com/product-tag/food/page/2/index.html]
[stockholm45.qodeinteractive.com/product-tag/nature/indexb6f2.html]
[stockholm45.qodeinteractive.com/product-tag/food/page/2/indexd28c.html]
[stockholm45.qodeinteractive.com/product-tag/food/page/2/indexd06d.html]
[stockholm45.qodeinteractive.com/product-tag/nature/index6f15.html]
[stockholm45.qodeinteractive.com/product-tag/nature/index0be3.html]
[stockholm45.qodeinteractive.com/product-tag/nature/index274e.html]
[stockholm45.qodeinteractive.com/product-tag/nature/index4837.html]
[stockholm45.qodeinteractive.com/product-tag/nature/index3cea.html]
[stockholm45.qodeinteractive.com/product-tag/nature/indexec74.html]
[stockholm45.qodeinteractive.com/product-tag/nature/indexa1f5.html]
[stockholm45.qodeinteractive.com/product-tag/nature/indexb4c4.html]
[stockholm45.qodeinteractive.com/product-tag/nature/page/2/index.html]
[stockholm45.qodeinteractive.com/product-tag/food/page/2/index0569.html]
[stockholm45.qodeinteractive.com/product/spinach-pasta/index4837.html]
[stockholm45.qodeinteractive.com/product-tag/nature/page/2/indexd06d.html]
[stockholm45.qodeinteractive.com/product-tag/nature/page/2/indexd28c.html]
[stockholm45.qodeinteractive.com/product/spinach-pasta/indexd06d.html]
[stockholm45.qodeinteractive.com/product-tag/nature/page/2/index0569.html]
[stockholm45.qodeinteractive.com/product/spinach-pasta/index0569.html]
[stockholm45.qodeinteractive.com/product/spinach-pasta/indexec74.html]
[stockholm45.qodeinteractive.com/product/spinach-pasta/indexa1f5.html]
[stockholm45.qodeinteractive.com/product/spinach-pasta/index3cea.html]
[stockholm45.qodeinteractive.com/product/spinach-pasta/indexd28c.html]
[stockholm45.qodeinteractive.com/product/olive-oil/index0be3.html]
[stockholm45.qodeinteractive.com/product/olive-oil/index4837.html]
[stockholm45.qodeinteractive.com/product/olive-oil/indexec74.html]
[stockholm45.qodeinteractive.com/product/olive-oil/indexd28c.html]
[stockholm45.qodeinteractive.com/product/olive-oil/indexb4c4.html]
[stockholm45.qodeinteractive.com/product/olive-oil/index0569.html]
[stockholm45.qodeinteractive.com/product/olive-oil/index3cea.html]
[stockholm45.qodeinteractive.com/product/corn-flakes/indexa1f5.html]
[stockholm45.qodeinteractive.com/product/corn-flakes/indexd28c.html]
[stockholm45.qodeinteractive.com/product/corn-flakes/indexb4c4.html]
[stockholm45.qodeinteractive.com/product/corn-flakes/indexec74.html]
[stockholm45.qodeinteractive.com/product/corn-flakes/index0be3.html]
[stockholm45.qodeinteractive.com/product/corn-flakes/indexd06d.html]
[stockholm45.qodeinteractive.com/product/natural-tea/indexd06d.html]
[stockholm45.qodeinteractive.com/product/corn-flakes/index4837.html]
[stockholm45.qodeinteractive.com/product/natural-tea/index274e.html]
[stockholm45.qodeinteractive.com/product/natural-tea/index6f15.html]
[stockholm45.qodeinteractive.com/product/natural-tea/indexb4c4.html]
[stockholm45.qodeinteractive.com/product/natural-tea/index0569.html]
[stockholm45.qodeinteractive.com/product/natural-tea/indexec74.html]
[stockholm45.qodeinteractive.com/product/good-seed/index0569.html]
[stockholm45.qodeinteractive.com/product/good-seed/indexb6f2.html]
[stockholm45.qodeinteractive.com/product/good-seed/index0be3.html]
[stockholm45.qodeinteractive.com/product/good-seed/indexd28c.html]
[stockholm45.qodeinteractive.com/product/good-seed/indexd06d.html]
[stockholm45.qodeinteractive.com/product/natural-tea/index3cea.html]
[stockholm45.qodeinteractive.com/product/good-seed/indexec74.html]
[stockholm45.qodeinteractive.com/product/lentil/index3cea.html]
[stockholm45.qodeinteractive.com/product/lentil/index0569.html]
[stockholm45.qodeinteractive.com/product/lentil/indexd28c.html]
[stockholm45.qodeinteractive.com/product/lentil/indexb4c4.html]
[stockholm45.qodeinteractive.com/product/lentil/indexec74.html]
[stockholm45.qodeinteractive.com/product/lentil/indexb6f2.html]
[stockholm45.qodeinteractive.com/product/lentil/indexd06d.html]
[stockholm45.qodeinteractive.com/product/carrot-pasta/indexa1f5.html]
[stockholm45.qodeinteractive.com/product/carrot-pasta/index0569.html]
[stockholm45.qodeinteractive.com/product/carrot-pasta/index6f15.html]
[stockholm45.qodeinteractive.com/product/carrot-pasta/index4837.html]
[stockholm45.qodeinteractive.com/product/carrot-pasta/indexb4c4.html]
[stockholm45.qodeinteractive.com/product/carrot-pasta/indexb6f2.html]
[stockholm45.qodeinteractive.com/product/carrot-pasta/indexd28c.html]
[stockholm45.qodeinteractive.com/product/almond-oil/indexd28c.html]
[stockholm45.qodeinteractive.com/product/almond-oil/indexd06d.html]
[stockholm45.qodeinteractive.com/product/almond-oil/index4837.html]
[stockholm45.qodeinteractive.com/product/almond-oil/indexb6f2.html]
[stockholm45.qodeinteractive.com/product/almond-oil/index3cea.html]
[stockholm45.qodeinteractive.com/product/almond-oil/index6f15.html]
[stockholm45.qodeinteractive.com/product/almond-oil/index0be3.html]
[stockholm45.qodeinteractive.com/product/organic-seed/indexd28c.html]
[stockholm45.qodeinteractive.com/product/good-seed/index4837.html]
[stockholm45.qodeinteractive.com/product/organic-seed/indexd06d.html]
[stockholm45.qodeinteractive.com/product/organic-seed/indexb6f2.html]
[stockholm45.qodeinteractive.com/product/organic-seed/index0be3.html]
[stockholm45.qodeinteractive.com/product/organic-seed/index4837.html]
[stockholm45.qodeinteractive.com/product/organic-seed/index6f15.html]
[stockholm45.qodeinteractive.com/product/herbal-tea/indexb4c4.html]
[stockholm45.qodeinteractive.com/product/organic-seed/indexec74.html]
[stockholm45.qodeinteractive.com/product/herbal-tea/indexa1f5.html]
[stockholm45.qodeinteractive.com/product/herbal-tea/index0569.html]
[stockholm45.qodeinteractive.com/product/herbal-tea/index4837.html]
[stockholm45.qodeinteractive.com/product/herbal-tea/index6f15.html]
[stockholm45.qodeinteractive.com/product/herbal-tea/indexec74.html]
[stockholm45.qodeinteractive.com/product/colored-pasta/index274e.html]
[stockholm45.qodeinteractive.com/product/herbal-tea/index3cea.html]
[stockholm45.qodeinteractive.com/product/colored-pasta/index6f15.html]
[stockholm45.qodeinteractive.com/product/colored-pasta/index4837.html]
[stockholm45.qodeinteractive.com/product/colored-pasta/index0569.html]
[stockholm45.qodeinteractive.com/product/colored-pasta/index0be3.html]
[stockholm45.qodeinteractive.com/product/colored-pasta/indexd28c.html]
[stockholm45.qodeinteractive.com/product/himalayan-salt/index6f15.html]
[stockholm45.qodeinteractive.com/product/colored-pasta/index3cea.html]
[stockholm45.qodeinteractive.com/product/himalayan-salt/index3cea.html]
[stockholm45.qodeinteractive.com/product/himalayan-salt/index0be3.html]
[stockholm45.qodeinteractive.com/product/himalayan-salt/index4837.html]
[stockholm45.qodeinteractive.com/product/himalayan-salt/index274e.html]
[stockholm45.qodeinteractive.com/product/himalayan-salt/index274e.html]
[stockholm45.qodeinteractive.com/product/himalayan-salt/indexd06d.html]
[stockholm45.qodeinteractive.com/product/himalayan-salt/indexa1f5.html]
[stockholm45.qodeinteractive.com/product-category/organic/page/2/indexd28c.html]
[stockholm45.qodeinteractive.com/product-category/organic/page/2/indexd06d.html]
[stockholm45.qodeinteractive.com/product-category/organic/page/2/index0569.html]
[stockholm45.qodeinteractive.com/product-category/organic/page/1/index.html]
[stockholm45.qodeinteractive.com/product-tag/food/page/2/indexd28c.html]
[stockholm45.qodeinteractive.com/product-tag/food/page/2/indexd06d.html]
[stockholm45.qodeinteractive.com/product-tag/food/page/2/index0569.html]
[stockholm45.qodeinteractive.com/product-tag/food/page/1/index.html]
[stockholm45.qodeinteractive.com/product-tag/nature/page/2/indexd28c.html]
[stockholm45.qodeinteractive.com/product-tag/nature/page/2/indexd06d.html]
[stockholm45.qodeinteractive.com/product-tag/nature/page/2/index0569.html]
[stockholm45.qodeinteractive.com/product-tag/nature/page/1/index.html]
[stockholm45.qodeinteractive.com/product/olive-oil/indexb4c4.html]
[stockholm45.qodeinteractive.com/product/olive-oil/index3cea.html]
[stockholm45.qodeinteractive.com/product/corn-flakes/index4837.html]
[stockholm45.qodeinteractive.com/product/corn-flakes/indexec74.html]
[stockholm45.qodeinteractive.com/product/natural-tea/index3cea.html]
[stockholm45.qodeinteractive.com/product/good-seed/index4837.html]
[stockholm45.qodeinteractive.com/product/organic-seed/indexec74.html]
[stockholm45.qodeinteractive.com/product/herbal-tea/index3cea.html]
[stockholm45.qodeinteractive.com/product/colored-pasta/index0be3.html]
[stockholm45.qodeinteractive.com/product/colored-pasta/index0569.html]
[stockholm45.qodeinteractive.com/product/colored-pasta/index3cea.html]
[stockholm45.qodeinteractive.com/product/himalayan-salt/index4837.html]
[stockholm45.qodeinteractive.com/wp-content/themes/stockholm/index.html]
